// Jest Snapshot v1, https://goo.gl/fbAQLP

exports[`CTableHead customize 1`] = `
<div>
  <thead
    class="table-info bazinga"
  >
    Test
  </thead>
</div>
`;

exports[`loads and displays CTableHead component 1`] = `
<div>
  <thead />
</div>
`;
