// Jest Snapshot v1, https://goo.gl/fbAQLP

exports[`CWidgetDropdown customize 1`] = `
<div>
  <div
    class="card bg-info text-high-emphasis-inverse bazinga"
  >
    <div
      class="card-body pb-0 d-flex justify-content-between align-items-start"
    >
      <div>
        <div
          class="fs-4 fw-semibold"
        >
          value
           
          <span
            class="fs-6 fw-normal"
          >
            change
          </span>
        </div>
        <div>
          title
        </div>
      </div>
      action
    </div>
    chart
  </div>
</div>
`;

exports[`loads and displays CWidgetDropdown component 1`] = `
<div>
  <div
    class="card"
  >
    <div
      class="card-body pb-0 d-flex justify-content-between align-items-start"
    >
      <div />
    </div>
  </div>
</div>
`;
