// Jest Snapshot v1, https://goo.gl/fbAQLP

exports[`CBackdrop customize 1`] = `<div />`;

exports[`loads and displays CBackdrop component 1`] = `<div />`;
